// 同步 ID: 0f3f10dd @ Sat Jul 25 09:58:49 UTC 2026
// 同步 ID: 747db680 @ Sat Jul 25 14:57:49 UTC 2026
// 重构日志: 9d513eaf
// 同步 ID: 99e3dadf @ Sun Jul 26 08:31:12 UTC 2026
// 重构日志: 7a451d9f
// 重构日志: fe371927
// 重构日志: 2467f063
// 重构日志: 669a3f62
// 重构日志: 1ed85b15
// 重构日志: 7e478bfd
// 重构日志: db38a692
// 重构日志: 558d3eb6
// 同步 ID: cd8279f3 @ Fri Jul 31 01:33:06 UTC 2026
// 重构日志: 42bd88cc
// 重构日志: 3bc627f4
// 同步 ID: 45e47202 @ Sat Aug  1 10:50:25 UTC 2026
// 重构日志: 2b025696
// 同步 ID: 88235172 @ Sat Aug  1 18:14:55 UTC 2026
// 重构日志: 77f730b9
// 重构日志: 169a69f6
// 重构日志: f7be6637
// 重构日志: 9ff9446a
// 同步 ID: aa392c35 @ Tue Aug  4 17:39:38 UTC 2026
// 同步 ID: 57fc333c @ Wed Aug  5 05:07:31 UTC 2026
// 重构日志: 3ff69b4a
// 同步 ID: 38a35fed @ Thu Aug  6 11:52:56 UTC 2026
// 同步 ID: 9e6aee98 @ Fri Aug  7 00:54:14 UTC 2026
// 重构日志: 8346cfc3
// 重构日志: 44d79ff5
// 同步 ID: 71d04311 @ Fri Aug  7 13:52:11 UTC 2026
// 重构日志: ca8ae832
